{
  "version": "1.5.0",
  "plugins_used": [
    {
      "name": "ArtifactoryDetector"
    },
    {
      "name": "AWSKeyDetector"
    },
    {
      "name": "AzureStorageKeyDetector"
    },
    {
      "name": "Base64HighEntropyString",
      "limit": 4.5
    },
    {
      "name": "BasicAuthDetector"
    },
    {
      "name": "CloudantDetector"
    },
    {
      "name": "DiscordBotTokenDetector"
    },
    {
      "name": "GitHubTokenDetector"
    },
    {
      "name": "GitLabTokenDetector"
    },
    {
      "name": "HexHighEntropyString",
      "limit": 3.0
    },
    {
      "name": "IbmCloudIamDetector"
    },
    {
      "name": "IbmCosHmacDetector"
    },
    {
      "name": "IPPublicDetector"
    },
    {
      "name": "JwtTokenDetector"
    },
    {
      "name": "KeywordDetector",
      "keyword_exclude": ""
    },
    {
      "name": "MailchimpDetector"
    },
    {
      "name": "NpmDetector"
    },
    {
      "name": "OpenAIDetector"
    },
    {
      "name": "PrivateKeyDetector"
    },
    {
      "name": "PypiTokenDetector"
    },
    {
      "name": "SendGridDetector"
    },
    {
      "name": "SlackDetector"
    },
    {
      "name": "SoftlayerDetector"
    },
    {
      "name": "SquareOAuthDetector"
    },
    {
      "name": "StripeDetector"
    },
    {
      "name": "TelegramBotTokenDetector"
    },
    {
      "name": "TwilioKeyDetector"
    }
  ],
  "filters_used": [
    {
      "path": "detect_secrets.filters.allowlist.is_line_allowlisted"
    },
    {
      "path": "detect_secrets.filters.common.is_baseline_file",
      "filename": ".secrets.baseline"
    },
    {
      "path": "detect_secrets.filters.common.is_ignored_due_to_verification_policies",
      "min_level": 2
    },
    {
      "path": "detect_secrets.filters.heuristic.is_indirect_reference"
    },
    {
      "path": "detect_secrets.filters.heuristic.is_likely_id_string"
    },
    {
      "path": "detect_secrets.filters.heuristic.is_lock_file"
    },
    {
      "path": "detect_secrets.filters.heuristic.is_not_alphanumeric_string"
    },
    {
      "path": "detect_secrets.filters.heuristic.is_potential_uuid"
    },
    {
      "path": "detect_secrets.filters.heuristic.is_prefixed_with_dollar_sign"
    },
    {
      "path": "detect_secrets.filters.heuristic.is_sequential_string"
    },
    {
      "path": "detect_secrets.filters.heuristic.is_swagger_file"
    },
    {
      "path": "detect_secrets.filters.heuristic.is_templated_secret"
    },
    {
      "path": "detect_secrets.filters.regex.should_exclude_file",
      "pattern": [
        "\\.env$",
        "\\.sqlite$"
      ]
    }
  ],
  "results": {
    "docs/sample-run/oscal.json": [
      {
        "type": "Hex High Entropy String",
        "filename": "docs/sample-run/oscal.json",
        "hashed_secret": "2ecdb23dfab8a90d4057ea2c254111f17301050b",
        "is_verified": false,
        "line_number": 247
      },
      {
        "type": "Hex High Entropy String",
        "filename": "docs/sample-run/oscal.json",
        "hashed_secret": "85f3b254acc0443b5fbb3dd78f85f109921fa887",
        "is_verified": false,
        "line_number": 285
      },
      {
        "type": "Hex High Entropy String",
        "filename": "docs/sample-run/oscal.json",
        "hashed_secret": "a43131f7ed46d330120465326c98498b9acfb9f9",
        "is_verified": false,
        "line_number": 295
      },
      {
        "type": "Hex High Entropy String",
        "filename": "docs/sample-run/oscal.json",
        "hashed_secret": "713f2ff9152fd3b2aacf4afbc0b0f8b12ac0f2ce",
        "is_verified": false,
        "line_number": 343
      },
      {
        "type": "Hex High Entropy String",
        "filename": "docs/sample-run/oscal.json",
        "hashed_secret": "ab76afd35da3d82b51e98f87693f71d7dd78ab86",
        "is_verified": false,
        "line_number": 386
      },
      {
        "type": "Hex High Entropy String",
        "filename": "docs/sample-run/oscal.json",
        "hashed_secret": "ce71798adf6ef029a6ecc663520d909f9d35b6bd",
        "is_verified": false,
        "line_number": 401
      },
      {
        "type": "Hex High Entropy String",
        "filename": "docs/sample-run/oscal.json",
        "hashed_secret": "ea41fd53a79d089b9199fe72da311192740a2eb5",
        "is_verified": false,
        "line_number": 449
      },
      {
        "type": "Hex High Entropy String",
        "filename": "docs/sample-run/oscal.json",
        "hashed_secret": "e5b85d9af16e1c9069cf9aeb0553ab7c68cc54d4",
        "is_verified": false,
        "line_number": 464
      },
      {
        "type": "Hex High Entropy String",
        "filename": "docs/sample-run/oscal.json",
        "hashed_secret": "35b721a00d829dddadcd46cfd737b05c059359ca",
        "is_verified": false,
        "line_number": 512
      },
      {
        "type": "Hex High Entropy String",
        "filename": "docs/sample-run/oscal.json",
        "hashed_secret": "91a70eb2ad121278d9ea3a558bb96466e7846f96",
        "is_verified": false,
        "line_number": 527
      },
      {
        "type": "Hex High Entropy String",
        "filename": "docs/sample-run/oscal.json",
        "hashed_secret": "4d0d3109a53ccf2ef4e977500ce2f4ef5e9199f4",
        "is_verified": false,
        "line_number": 570
      },
      {
        "type": "Hex High Entropy String",
        "filename": "docs/sample-run/oscal.json",
        "hashed_secret": "5fb4385264657931f1513bc568eaa12b0c4c24d3",
        "is_verified": false,
        "line_number": 580
      },
      {
        "type": "Hex High Entropy String",
        "filename": "docs/sample-run/oscal.json",
        "hashed_secret": "bbf118b7341cd8301aabd61031dce65dd1b2971f",
        "is_verified": false,
        "line_number": 590
      },
      {
        "type": "Hex High Entropy String",
        "filename": "docs/sample-run/oscal.json",
        "hashed_secret": "c9718b16f11cc2c34776635a3c6a642c244c8e41",
        "is_verified": false,
        "line_number": 628
      },
      {
        "type": "Hex High Entropy String",
        "filename": "docs/sample-run/oscal.json",
        "hashed_secret": "c5fd8a8cc966c04b8c4dbce2822e788d7471bcde",
        "is_verified": false,
        "line_number": 643
      },
      {
        "type": "Hex High Entropy String",
        "filename": "docs/sample-run/oscal.json",
        "hashed_secret": "14341def340221ae9d032e1deaa3e8f6e43aadda",
        "is_verified": false,
        "line_number": 691
      },
      {
        "type": "Hex High Entropy String",
        "filename": "docs/sample-run/oscal.json",
        "hashed_secret": "96bf3d061f90d9e10b60123df35a368a47fa3885",
        "is_verified": false,
        "line_number": 706
      },
      {
        "type": "Hex High Entropy String",
        "filename": "docs/sample-run/oscal.json",
        "hashed_secret": "da48910f086590e4980c1f758e8caab78d03c4e4",
        "is_verified": false,
        "line_number": 754
      },
      {
        "type": "Hex High Entropy String",
        "filename": "docs/sample-run/oscal.json",
        "hashed_secret": "74e8990a965c215b4ec66f0390d6f6326e3c57f8",
        "is_verified": false,
        "line_number": 769
      },
      {
        "type": "Hex High Entropy String",
        "filename": "docs/sample-run/oscal.json",
        "hashed_secret": "63b2f3ed0afe9a03b3bdb6039ec5520a224b90bd",
        "is_verified": false,
        "line_number": 817
      },
      {
        "type": "Hex High Entropy String",
        "filename": "docs/sample-run/oscal.json",
        "hashed_secret": "03aa829fa6c5a0c0707bee2738d703b3d90643c9",
        "is_verified": false,
        "line_number": 832
      },
      {
        "type": "Hex High Entropy String",
        "filename": "docs/sample-run/oscal.json",
        "hashed_secret": "fd2afd4b2d31fcf16446a651055f284e1980ca2c",
        "is_verified": false,
        "line_number": 875
      },
      {
        "type": "Hex High Entropy String",
        "filename": "docs/sample-run/oscal.json",
        "hashed_secret": "a79810b9f3c3483e143c3a777c73a058ce10e06c",
        "is_verified": false,
        "line_number": 885
      },
      {
        "type": "Hex High Entropy String",
        "filename": "docs/sample-run/oscal.json",
        "hashed_secret": "30f9751f79a4617fb1313647a2a998616a5d89ec",
        "is_verified": false,
        "line_number": 895
      },
      {
        "type": "Hex High Entropy String",
        "filename": "docs/sample-run/oscal.json",
        "hashed_secret": "0ce6e7c23714442a9dd72f21843331d144011056",
        "is_verified": false,
        "line_number": 933
      },
      {
        "type": "Hex High Entropy String",
        "filename": "docs/sample-run/oscal.json",
        "hashed_secret": "ccff246a486111493b690a669d1ffda3519bee4a",
        "is_verified": false,
        "line_number": 948
      }
    ],
    "tests/fixtures/findings/prowler_ocsf_sample.json": [
      {
        "type": "Base64 High Entropy String",
        "filename": "tests/fixtures/findings/prowler_ocsf_sample.json",
        "hashed_secret": "aa810ecea79cdf287ea499f58be755cac25d30db",
        "is_verified": false,
        "line_number": 36
      }
    ]
  },
  "generated_at": "2026-09-27T16:23:32Z"
}
