{
  "version": "1.5.0",
  "plugins_used": [
    {
      "name": "ArtifactoryDetector"
    },
    {
      "name": "AWSKeyDetector"
    },
    {
      "name": "AzureStorageKeyDetector"
    },
    {
      "name": "Base64HighEntropyString",
      "limit": 4.5
    },
    {
      "name": "BasicAuthDetector"
    },
    {
      "name": "CloudantDetector"
    },
    {
      "name": "DiscordBotTokenDetector"
    },
    {
      "name": "GitHubTokenDetector"
    },
    {
      "name": "GitLabTokenDetector"
    },
    {
      "name": "HexHighEntropyString",
      "limit": 3.0
    },
    {
      "name": "IbmCloudIamDetector"
    },
    {
      "name": "IbmCosHmacDetector"
    },
    {
      "name": "IPPublicDetector"
    },
    {
      "name": "JwtTokenDetector"
    },
    {
      "name": "KeywordDetector",
      "keyword_exclude": ""
    },
    {
      "name": "MailchimpDetector"
    },
    {
      "name": "NpmDetector"
    },
    {
      "name": "OpenAIDetector"
    },
    {
      "name": "PrivateKeyDetector"
    },
    {
      "name": "PypiTokenDetector"
    },
    {
      "name": "SendGridDetector"
    },
    {
      "name": "SlackDetector"
    },
    {
      "name": "SoftlayerDetector"
    },
    {
      "name": "SquareOAuthDetector"
    },
    {
      "name": "StripeDetector"
    },
    {
      "name": "TelegramBotTokenDetector"
    },
    {
      "name": "TwilioKeyDetector"
    }
  ],
  "filters_used": [
    {
      "path": "detect_secrets.filters.allowlist.is_line_allowlisted"
    },
    {
      "path": "detect_secrets.filters.common.is_baseline_file",
      "filename": ".secrets.baseline"
    },
    {
      "path": "detect_secrets.filters.common.is_ignored_due_to_verification_policies",
      "min_level": 2
    },
    {
      "path": "detect_secrets.filters.heuristic.is_indirect_reference"
    },
    {
      "path": "detect_secrets.filters.heuristic.is_likely_id_string"
    },
    {
      "path": "detect_secrets.filters.heuristic.is_lock_file"
    },
    {
      "path": "detect_secrets.filters.heuristic.is_not_alphanumeric_string"
    },
    {
      "path": "detect_secrets.filters.heuristic.is_potential_uuid"
    },
    {
      "path": "detect_secrets.filters.heuristic.is_prefixed_with_dollar_sign"
    },
    {
      "path": "detect_secrets.filters.heuristic.is_sequential_string"
    },
    {
      "path": "detect_secrets.filters.heuristic.is_swagger_file"
    },
    {
      "path": "detect_secrets.filters.heuristic.is_templated_secret"
    },
    {
      "path": "detect_secrets.filters.regex.should_exclude_file",
      "pattern": [
        "\\.env$",
        "\\.sqlite$"
      ]
    }
  ],
  "results": {
    "docs/sample-run/oscal.json": [
      {
        "type": "Hex High Entropy String",
        "filename": "docs/sample-run/oscal.json",
        "hashed_secret": "4f5ff54b6d4715507391ec759b9915434826178b",
        "is_verified": false,
        "line_number": 168
      },
      {
        "type": "Hex High Entropy String",
        "filename": "docs/sample-run/oscal.json",
        "hashed_secret": "d5f7e68c2cd3771a11d1d78a058491d8e77ec66f",
        "is_verified": false,
        "line_number": 201
      },
      {
        "type": "Hex High Entropy String",
        "filename": "docs/sample-run/oscal.json",
        "hashed_secret": "d1eca8c1079f6efa7ef90051c56adb05b10bd0a7",
        "is_verified": false,
        "line_number": 211
      },
      {
        "type": "Hex High Entropy String",
        "filename": "docs/sample-run/oscal.json",
        "hashed_secret": "55ca500124978d65db722af57c2aaffdb8fe1ee3",
        "is_verified": false,
        "line_number": 254
      },
      {
        "type": "Hex High Entropy String",
        "filename": "docs/sample-run/oscal.json",
        "hashed_secret": "2b3e4eeb6d474dd0a888508aa8c29b691787d717",
        "is_verified": false,
        "line_number": 287
      },
      {
        "type": "Hex High Entropy String",
        "filename": "docs/sample-run/oscal.json",
        "hashed_secret": "b371e790264ece757e8fb370c2c5d81adca264db",
        "is_verified": false,
        "line_number": 297
      },
      {
        "type": "Hex High Entropy String",
        "filename": "docs/sample-run/oscal.json",
        "hashed_secret": "5424aa53efd6ee6fee123e885b79326fa5402c95",
        "is_verified": false,
        "line_number": 330
      },
      {
        "type": "Hex High Entropy String",
        "filename": "docs/sample-run/oscal.json",
        "hashed_secret": "58e4ae219b4329f7e56ba9b94d9070e170464409",
        "is_verified": false,
        "line_number": 340
      }
    ]
  },
  "generated_at": "2026-09-27T05:52:28Z"
}
