{
  "version": "1.5.0",
  "plugins_used": [
    {
      "name": "ArtifactoryDetector"
    },
    {
      "name": "AWSKeyDetector"
    },
    {
      "name": "AzureStorageKeyDetector"
    },
    {
      "name": "Base64HighEntropyString",
      "limit": 4.5
    },
    {
      "name": "BasicAuthDetector"
    },
    {
      "name": "CloudantDetector"
    },
    {
      "name": "DiscordBotTokenDetector"
    },
    {
      "name": "GitHubTokenDetector"
    },
    {
      "name": "GitLabTokenDetector"
    },
    {
      "name": "HexHighEntropyString",
      "limit": 3.0
    },
    {
      "name": "IbmCloudIamDetector"
    },
    {
      "name": "IbmCosHmacDetector"
    },
    {
      "name": "IPPublicDetector"
    },
    {
      "name": "JwtTokenDetector"
    },
    {
      "name": "KeywordDetector",
      "keyword_exclude": ""
    },
    {
      "name": "MailchimpDetector"
    },
    {
      "name": "NpmDetector"
    },
    {
      "name": "OpenAIDetector"
    },
    {
      "name": "PrivateKeyDetector"
    },
    {
      "name": "PypiTokenDetector"
    },
    {
      "name": "SendGridDetector"
    },
    {
      "name": "SlackDetector"
    },
    {
      "name": "SoftlayerDetector"
    },
    {
      "name": "SquareOAuthDetector"
    },
    {
      "name": "StripeDetector"
    },
    {
      "name": "TelegramBotTokenDetector"
    },
    {
      "name": "TwilioKeyDetector"
    }
  ],
  "filters_used": [
    {
      "path": "detect_secrets.filters.allowlist.is_line_allowlisted"
    },
    {
      "path": "detect_secrets.filters.common.is_baseline_file",
      "filename": ".secrets.baseline"
    },
    {
      "path": "detect_secrets.filters.common.is_ignored_due_to_verification_policies",
      "min_level": 2
    },
    {
      "path": "detect_secrets.filters.heuristic.is_indirect_reference"
    },
    {
      "path": "detect_secrets.filters.heuristic.is_likely_id_string"
    },
    {
      "path": "detect_secrets.filters.heuristic.is_lock_file"
    },
    {
      "path": "detect_secrets.filters.heuristic.is_not_alphanumeric_string"
    },
    {
      "path": "detect_secrets.filters.heuristic.is_potential_uuid"
    },
    {
      "path": "detect_secrets.filters.heuristic.is_prefixed_with_dollar_sign"
    },
    {
      "path": "detect_secrets.filters.heuristic.is_sequential_string"
    },
    {
      "path": "detect_secrets.filters.heuristic.is_swagger_file"
    },
    {
      "path": "detect_secrets.filters.heuristic.is_templated_secret"
    },
    {
      "path": "detect_secrets.filters.regex.should_exclude_file",
      "pattern": [
        "\\.env$",
        "\\.sqlite$"
      ]
    }
  ],
  "results": {
    "docs/sample-run/oscal.json": [
      {
        "type": "Hex High Entropy String",
        "filename": "docs/sample-run/oscal.json",
        "hashed_secret": "7c9f30e5b7bbb24d87ea6ac0c93afeac4233a164",
        "is_verified": false,
        "line_number": 247
      },
      {
        "type": "Hex High Entropy String",
        "filename": "docs/sample-run/oscal.json",
        "hashed_secret": "85f3b254acc0443b5fbb3dd78f85f109921fa887",
        "is_verified": false,
        "line_number": 285
      },
      {
        "type": "Hex High Entropy String",
        "filename": "docs/sample-run/oscal.json",
        "hashed_secret": "fb69673fb261cf18a8c05b673b43688ade3570e4",
        "is_verified": false,
        "line_number": 295
      },
      {
        "type": "Hex High Entropy String",
        "filename": "docs/sample-run/oscal.json",
        "hashed_secret": "c24e207c702f7c33c8745a50f5acaa4b897933b4",
        "is_verified": false,
        "line_number": 343
      },
      {
        "type": "Hex High Entropy String",
        "filename": "docs/sample-run/oscal.json",
        "hashed_secret": "244d5280032a7a3f6797cb1fcb20e2126bb49151",
        "is_verified": false,
        "line_number": 386
      },
      {
        "type": "Hex High Entropy String",
        "filename": "docs/sample-run/oscal.json",
        "hashed_secret": "11df82fab427b45eb3f7b4e33f84c357644176d0",
        "is_verified": false,
        "line_number": 401
      },
      {
        "type": "Hex High Entropy String",
        "filename": "docs/sample-run/oscal.json",
        "hashed_secret": "54c830f95db1a9de88884283906676cdbebe2e17",
        "is_verified": false,
        "line_number": 449
      },
      {
        "type": "Hex High Entropy String",
        "filename": "docs/sample-run/oscal.json",
        "hashed_secret": "bbe448eddcdea0b34d27f7b781da4021eb44f00d",
        "is_verified": false,
        "line_number": 464
      },
      {
        "type": "Hex High Entropy String",
        "filename": "docs/sample-run/oscal.json",
        "hashed_secret": "5a15746a1c704179cfb1193f9f30b192c97e7420",
        "is_verified": false,
        "line_number": 512
      },
      {
        "type": "Hex High Entropy String",
        "filename": "docs/sample-run/oscal.json",
        "hashed_secret": "de37974275adf9546f26e5d6bf025a9fedd5d60f",
        "is_verified": false,
        "line_number": 527
      },
      {
        "type": "Hex High Entropy String",
        "filename": "docs/sample-run/oscal.json",
        "hashed_secret": "f5f607a0125c079ae7e0d6ca043b151d4624d998",
        "is_verified": false,
        "line_number": 570
      },
      {
        "type": "Hex High Entropy String",
        "filename": "docs/sample-run/oscal.json",
        "hashed_secret": "9582543ef65d141be11a43d9ddc951865542faee",
        "is_verified": false,
        "line_number": 580
      },
      {
        "type": "Hex High Entropy String",
        "filename": "docs/sample-run/oscal.json",
        "hashed_secret": "a2b7492ac2964a60fa96c41b0cb5372622cf6f80",
        "is_verified": false,
        "line_number": 590
      },
      {
        "type": "Hex High Entropy String",
        "filename": "docs/sample-run/oscal.json",
        "hashed_secret": "bbe149cccba2d0555b016c5e7e8e7e284c3a9239",
        "is_verified": false,
        "line_number": 628
      },
      {
        "type": "Hex High Entropy String",
        "filename": "docs/sample-run/oscal.json",
        "hashed_secret": "3e6a0b88f601aa766dc3cce43e3edf9cc63f12e7",
        "is_verified": false,
        "line_number": 643
      },
      {
        "type": "Hex High Entropy String",
        "filename": "docs/sample-run/oscal.json",
        "hashed_secret": "f47546707a9f38305ad5f20aee2af0afcc10f97f",
        "is_verified": false,
        "line_number": 691
      },
      {
        "type": "Hex High Entropy String",
        "filename": "docs/sample-run/oscal.json",
        "hashed_secret": "39a97489aeb29157229d46adc6d7bfbc5bc3a19c",
        "is_verified": false,
        "line_number": 706
      },
      {
        "type": "Hex High Entropy String",
        "filename": "docs/sample-run/oscal.json",
        "hashed_secret": "3c2dd83372251b8d992082b17cc2ad4c8d7dc605",
        "is_verified": false,
        "line_number": 754
      },
      {
        "type": "Hex High Entropy String",
        "filename": "docs/sample-run/oscal.json",
        "hashed_secret": "39fdc330c88f319c4e95bcbf504facd051ed2f9b",
        "is_verified": false,
        "line_number": 769
      },
      {
        "type": "Hex High Entropy String",
        "filename": "docs/sample-run/oscal.json",
        "hashed_secret": "fbc7f9a19647c8c8eaaf07546349662334dc7e50",
        "is_verified": false,
        "line_number": 817
      },
      {
        "type": "Hex High Entropy String",
        "filename": "docs/sample-run/oscal.json",
        "hashed_secret": "1f61689fec24788456b50af7fb11068f98e693ec",
        "is_verified": false,
        "line_number": 832
      },
      {
        "type": "Hex High Entropy String",
        "filename": "docs/sample-run/oscal.json",
        "hashed_secret": "045c791415fcd1f410b23527e092cccab9706881",
        "is_verified": false,
        "line_number": 875
      },
      {
        "type": "Hex High Entropy String",
        "filename": "docs/sample-run/oscal.json",
        "hashed_secret": "5802456b83aa5fca9cbcf29bf7d04fd4ffdeed88",
        "is_verified": false,
        "line_number": 885
      },
      {
        "type": "Hex High Entropy String",
        "filename": "docs/sample-run/oscal.json",
        "hashed_secret": "3753da249c66a5b17cbbcc3916ddea39d8db9724",
        "is_verified": false,
        "line_number": 895
      },
      {
        "type": "Hex High Entropy String",
        "filename": "docs/sample-run/oscal.json",
        "hashed_secret": "610926ac15b5c1ad40e04eb67fdc9872c43e840a",
        "is_verified": false,
        "line_number": 933
      },
      {
        "type": "Hex High Entropy String",
        "filename": "docs/sample-run/oscal.json",
        "hashed_secret": "1aaed8aa7b127b9fa78f1d40219ddfaa48629717",
        "is_verified": false,
        "line_number": 948
      }
    ],
    "tests/fixtures/findings/prowler_ocsf_sample.json": [
      {
        "type": "Base64 High Entropy String",
        "filename": "tests/fixtures/findings/prowler_ocsf_sample.json",
        "hashed_secret": "aa810ecea79cdf287ea499f58be755cac25d30db",
        "is_verified": false,
        "line_number": 36
      }
    ]
  },
  "generated_at": "2026-09-27T21:01:43Z"
}
